======================================================================
GCN 天气特征 vs 原始天气 F组对比实验
======================================================================

[1/6] 加载 + 特征工程（含煤价+原始天气 F组）...
  主流程特征: 59 个（含煤价 4 + 天气 F组 8）
  天气 F组特征（8 维）: 8 个
  非天气特征（含煤价）: 51 个

[2/6] 加载 GCN 天气特征...
  GCN 特征: 34560 行, 32 维

[3/6] 合并 GCN 到主流程特征表...
  GCN 缺失: 144 行（超出GCN时间范围）
  合并后: 8520 行（与主流程一致）

[4/6] 数据切分...
  训练/验证/测试: 7056h / 720h / 744h

方案特征数:
  A（无天气）: 51
  B（原始 F组）: 59
  C（GCN 32维）: 83

[5/6] 训练方案 A（无天气）...
  [ensemble 1/5] seed=42 best_iter=42
  [ensemble 2/5] seed=7 best_iter=54
  [ensemble 3/5] seed=137 best_iter=41
  [ensemble 4/5] seed=2024 best_iter=43
  [ensemble 5/5] seed=9527 best_iter=44
  [α 学习] 验证集 α 扫描: α*=0.48, val_MAE_min=32.473 (α=1 时 MAE=34.298)
  test: MAE=36.92, gain=+7.52%, α*=0.48

[5/6] 训练方案 B（原始天气 F组）...
  [ensemble 1/5] seed=42 best_iter=40
  [ensemble 2/5] seed=7 best_iter=43
  [ensemble 3/5] seed=137 best_iter=41
  [ensemble 4/5] seed=2024 best_iter=42
  [ensemble 5/5] seed=9527 best_iter=46
  [α 学习] 验证集 α 扫描: α*=0.44, val_MAE_min=32.362 (α=1 时 MAE=34.282)
  test: MAE=36.79, gain=+7.84%, α*=0.44

[5/6] 训练方案 C（GCN 32维）...
  [ensemble 1/5] seed=42 best_iter=42
  [ensemble 2/5] seed=7 best_iter=50
  [ensemble 3/5] seed=137 best_iter=47
  [ensemble 4/5] seed=2024 best_iter=48
  [ensemble 5/5] seed=9527 best_iter=35
  [α 学习] 验证集 α 扫描: α*=0.47, val_MAE_min=32.542 (α=1 时 MAE=34.633)
  test: MAE=36.90, gain=+7.56%, α*=0.47

[6/6] 保存结果...

======================================================================
对比结果
======================================================================
方案                        特征数      训练集        测试MAE      vs B7%     α*    
----------------------------------------------------------------------
A 无天气                     51       7,056      36.92      +7.52      0.48  
B 原始天气 F组 (8维)            59       7,056      36.79      +7.84      0.44  
C GCN 天气 (32维)            83       7,056      36.90      +7.56      0.47  

======================================================================
增益分解
======================================================================
原始天气 F组贡献（A→B）: -0.13 元
GCN 天气贡献（A→C）:     -0.02 元
GCN vs 原始 F组（B→C）:  +0.11 元

对照主流程当前生产:
  含天气 F组（主流程）: MAE = 36.79（bash run.sh --all 的结果）
  本实验 B（对齐）:     MAE = 36.79

======================================================================
结论
======================================================================
  最优方案: B, MAE = 36.79
  ✗ 原始 F组 优于 GCN，GCN 反而增加 0.11 元

实验完成。
