======================================================================
无天气特征的训练集扩充实验
======================================================================

[1/5] 加载数据...
  清洗后: 52128 行
    2025年: 34,752 行
    2026年: 17,376 行

[2/5] 特征工程...
  特征工程后: 12864 行（损失39264行，75.3%）

  2025年: 8520 行
    实际范围: 2025-01-08 00:00:00 ~ 2025-12-31 23:00:00
  2026年: 4344 行
    实际范围: 2026-01-01 00:00:00 ~ 2026-06-30 23:00:00

  特征分类:
    总特征: 59
    天气特征: 8 个
    非天气特征: 51 个

[3/5] 数据切分...
  方案A（含天气+2025）: train=7,056h, val=720, test=744, feats=59
  方案B（无天气+多年）: train=11,400h, val=720, test=744, feats=51
  训练集增量: +4,344h (+61.6%)

[4/5] 训练方案A（含天气+2025）...
  [ensemble 1/5] seed=42 best_iter=40
  [ensemble 2/5] seed=7 best_iter=43
  [ensemble 3/5] seed=137 best_iter=41
  [ensemble 4/5] seed=2024 best_iter=42
  [ensemble 5/5] seed=9527 best_iter=46
  [α 学习] 验证集 α 扫描: α*=0.44, val_MAE_min=32.362 (α=1 时 MAE=34.282)
  训练: MAE=39.15, gain=+9.97%
  验证: MAE=32.36, gain=+7.73%
  测试: MAE=36.79, gain=+7.84%, α*=0.44

[4/5] 训练方案B（无天气+多年）...
  [ensemble 1/5] seed=42 best_iter=47
  [ensemble 2/5] seed=7 best_iter=50
  [ensemble 3/5] seed=137 best_iter=46
  [ensemble 4/5] seed=2024 best_iter=52
  [ensemble 5/5] seed=9527 best_iter=46
  [α 学习] 验证集 α 扫描: α*=0.51, val_MAE_min=32.241 (α=1 时 MAE=33.933)
  训练: MAE=36.45, gain=+9.13%
  验证: MAE=32.24, gain=+8.08%
  测试: MAE=36.58, gain=+8.35%, α*=0.51

[5/5] 保存结果...
  已保存: experiments/no_weather_expand_results.pkl

======================================================================
实验结果对比
======================================================================
方案                             训练集          特征       测试MAE        vs B7%     α*      
----------------------------------------------------------------------
A 含天气+2025                     7,056        59       36.79        +7.84      0.44    
B 无天气+多年                       11,400       51       36.58        +8.35      0.51    
======================================================================
训练集增量: +4,344h (+61.6%)
测试MAE变化: -0.21 元
验证MAE变化: -0.12 元

✓ 方案B更优，降低 0.21 元

实验完成。
