======================================================================
无天气特征训练集扩充实验（三方对比）
======================================================================

[1/5] 加载数据...
  清洗后（15min粒度）: 52128 行
    2025年: 34,752 行
    2026年: 17,376 行

  预期1h粒度: 13,032 行（15min÷4）

[2/5] 特征工程...
  特征工程后（1h粒度）: 12864 行

  数据变化分析:
    15min原始: 52,128 行
    粒度转换: -39,096 行（15min→1h，75.0%）
    预期1h: 13,032 行
    lag损失: -168 行（年边界+空值，1.3%）
    实际1h: 12,864 行

  实际数据范围:
    2025: 8,520h, 2025-01-08 00:00:00 ~ 2025-12-31 23:00:00
    2026: 4,344h, 2026-01-01 00:00:00 ~ 2026-06-30 23:00:00

  特征分类:
    总特征: 59
    天气特征: 8
    非天气特征: 51

[3/5] 数据切分...
  A（含天气+2025）: train=7,056h, feats=59
  B（无天气+2025）: train=7,056h, feats=51
  C（无天气+多年）: train=11,400h, feats=51
  验证/测试: val=720h, test=744h（统一）

[4/5] 训练方案A（含天气+2025）...
  [ensemble 1/5] seed=42 best_iter=40
  [ensemble 2/5] seed=7 best_iter=43
  [ensemble 3/5] seed=137 best_iter=41
  [ensemble 4/5] seed=2024 best_iter=42
  [ensemble 5/5] seed=9527 best_iter=46
  [α 学习] 验证集 α 扫描: α*=0.44, val_MAE_min=32.362 (α=1 时 MAE=34.282)
  test: MAE=36.79, gain=+7.84%, α*=0.44

[4/5] 训练方案B（无天气+2025）...
  [ensemble 1/5] seed=42 best_iter=42
  [ensemble 2/5] seed=7 best_iter=54
  [ensemble 3/5] seed=137 best_iter=41
  [ensemble 4/5] seed=2024 best_iter=43
  [ensemble 5/5] seed=9527 best_iter=44
  [α 学习] 验证集 α 扫描: α*=0.48, val_MAE_min=32.473 (α=1 时 MAE=34.298)
  test: MAE=36.92, gain=+7.52%, α*=0.48

[4/5] 训练方案C（无天气+多年）...
  [ensemble 1/5] seed=42 best_iter=47
  [ensemble 2/5] seed=7 best_iter=50
  [ensemble 3/5] seed=137 best_iter=46
  [ensemble 4/5] seed=2024 best_iter=52
  [ensemble 5/5] seed=9527 best_iter=46
  [α 学习] 验证集 α 扫描: α*=0.51, val_MAE_min=32.241 (α=1 时 MAE=33.933)
  test: MAE=36.58, gain=+8.35%, α*=0.51

[5/5] 保存结果...
  已保存: experiments/no_weather_expand_3way.pkl

======================================================================
三方对比结果
======================================================================
方案                        训练集        特征     测试MAE      vs B7%     α*    
----------------------------------------------------------------------
A 含天气+2025                7,056      59     36.79      +7.84      0.44  
B 无天气+2025                7,056      51     36.92      +7.52      0.48  
C 无天气+多年                  11,400     51     36.58      +8.35      0.51  

======================================================================
增益分解
======================================================================
天气特征贡献（A→B）: +0.13 元
  去掉8个天气特征，MAE变化 +0.13 元
  → 天气特征贡献微小（<0.2元）

数据扩充收益（B→C）: -0.33 元
  增加 4,344h 训练数据（+61.6%）
  ✓ 扩充有效，降低 0.33 元

综合效果（A→C）: -0.21 元
  ✓ 方案C最优，降低 0.21 元

实验完成。
